  D3DResourceLeakChecker.cpp
  DirectXCommon.cpp
  imgui.cpp
  imgui_demo.cpp
  imgui_draw.cpp
  imgui_impl_dx12.cpp
  imgui_impl_win32.cpp
  imgui_tables.cpp
  imgui_widgets.cpp
  Input.cpp
  Logger.cpp
  main.cpp
  StringUtility.cpp
  WinApp.cpp
  コード生成しています。
  Previous IPDB not found, fall back to full compilation.
  All 4274 functions were compiled because no usable IPDB/IOBJ from previous compilation was found.
  コード生成が終了しました。
  CG2_05.vcxproj -> C:\Users\小野田悠月\source\repos\CG2_05\x64\Release\CG2_05.exe
          1 個のファイルをコピーしました。
          1 個のファイルをコピーしました。
